// Jest Snapshot v1, https://goo.gl/fbAQLP

exports[`Test in FirstApp Should match the snapshot 1`] = `
<div>
  <h1
    data-testid="test-title"
  >
    Hi, I am Salem
  </h1>
  <p>
    No subtitle
  </p>
  <p>
    No subtitle
  </p>
  <p>
    No subtitle
  </p>
  h1
  <p>
    Salem Martinez
  </p>
</div>
`;
